// Jest Snapshot v1, https://goo.gl/fbAQLP

exports[`Index Component should renders correctly 1`] = `
<div
  id="main_app"
>
  <div
    id="main_desc"
  >
    <div>
      <p
        id="brand"
      >
        Amazon
      </p>
    </div>
    <div>
      <h1
        id="model"
      >
        Apple TV - 32GB (4th Generation)
      </h1>
    </div>
    <div>
      <p
        id="price_shipping"
      >
        Price: 
        <span
          id="price"
        >
           $
          1359
        </span>
        <span
          id="shipping"
        >
           
          <img
            alt="Amazon Prime"
            src="../prime_logo.png"
          />
        </span>
      </p>
    </div>
    <div>
      <h3
        id="stock"
      >
        In Stock.
      </h3>
    </div>
    <div
      id="list_desc"
    >
      <div>
        <ul>
          <li
            id="list-item"
          >
            Maecenas congue leo at tempor lacinia.
          </li>
        </ul>
      </div>
      <div>
        <ul>
          <li
            id="list-item"
          >
            Lorem ipsum dolor sit amet, consectetur adipiscing elit.
          </li>
        </ul>
      </div>
      <div>
        <ul>
          <li
            id="list-item"
          >
            Cras ut sem vel lectus rhoncus imperdiet a at leo.
          </li>
        </ul>
      </div>
      <div>
        <ul>
          <li
            id="list-item"
          >
            Etiam a risus luctus, lacinia dui in, varius lorem.
          </li>
        </ul>
      </div>
    </div>
  </div>
</div>
`;
