// Jest Snapshot v1, https://goo.gl/fbAQLP

exports[`MainDesc Component should renders correctly 1`] = `
<div
  id="main_desc"
>
  <div>
    <p
      id="brand"
    >
      brandTest
    </p>
  </div>
  <div>
    <h1
      id="model"
    >
      modelTest
    </h1>
  </div>
  <div>
    <p
      id="price_shipping"
    >
      Price: 
      <span
        id="price"
      >
         $
        100
      </span>
      <span
        id="shipping"
      >
         
        <span>
           & 
          shippingTest
          .
        </span>
      </span>
    </p>
  </div>
  <div>
    <h3
      id="stock"
    >
      <span
        id="in"
      >
        In Stock.
      </span>
    </h3>
  </div>
  <div
    id="list_desc"
  >
    <div>
      <ul>
        <li
          id="list-item"
        >
          testItem
        </li>
      </ul>
    </div>
  </div>
</div>
`;
